core_cm4.h:1657:22:__NVIC_SetPriorityGrouping	24	static
stm32f3xx_ll_rcc.h:1086:22:LL_RCC_HSI_Enable	4	static
stm32f3xx_ll_rcc.h:1106:26:LL_RCC_HSI_IsReady	4	static
stm32f3xx_ll_rcc.h:1132:22:LL_RCC_HSI_SetCalibTrimming	16	static
stm32f3xx_ll_rcc.h:1290:22:LL_RCC_SetSysClkSource	16	static
stm32f3xx_ll_rcc.h:1303:26:LL_RCC_GetSysClkSource	4	static
stm32f3xx_ll_rcc.h:1323:22:LL_RCC_SetAHBPrescaler	16	static
stm32f3xx_ll_rcc.h:1339:22:LL_RCC_SetAPB1Prescaler	16	static
stm32f3xx_ll_rcc.h:1355:22:LL_RCC_SetAPB2Prescaler	16	static
stm32f3xx_ll_rcc.h:2174:22:LL_RCC_PLL_Enable	4	static
stm32f3xx_ll_rcc.h:2195:26:LL_RCC_PLL_IsReady	4	static
stm32f3xx_ll_rcc.h:2293:22:LL_RCC_PLL_ConfigDomain_SYS	16	static
stm32f3xx_ll_bus.h:537:22:LL_APB1_GRP1_EnableClock	24	static
stm32f3xx_ll_bus.h:851:22:LL_APB2_GRP1_EnableClock	24	static
stm32f3xx_ll_system.h:1618:22:LL_FLASH_SetLatency	16	static
stm32f3xx_ll_system.h:1631:26:LL_FLASH_GetLatency	4	static
stm32f3xx_ll_usart.h:3522:22:LL_USART_TransmitData8	16	static
stm32f3xx_ll_gpio.h:821:26:LL_GPIO_ReadOutputPort	16	static
stm32f3xx_ll_gpio.h:879:22:LL_GPIO_SetOutputPin	16	static
stm32f3xx_ll_gpio.h:908:22:LL_GPIO_ResetOutputPin	16	static
main.c:66:5:main	8	static
main.c:120:6:SystemClock_Config	8	static
main.c:152:6:USART_ProcessRxData	16	static
main.c:201:6:USART2_TransmitData	32	static
main.c:215:6:Error_Handler	4	static,ignoring_inline_asm
