stm32f3xx_ll_usart.h:2575:26:LL_USART_IsActiveFlag_RXNE	16	static
stm32f3xx_ll_usart.h:3499:25:LL_USART_ReceiveData8	16	static
stm32f3xx_it.c:71:6:NMI_Handler	4	static
stm32f3xx_it.c:84:6:HardFault_Handler	4	static
stm32f3xx_it.c:97:6:MemManage_Handler	4	static
stm32f3xx_it.c:110:6:BusFault_Handler	4	static
stm32f3xx_it.c:123:6:UsageFault_Handler	4	static
stm32f3xx_it.c:136:6:SVC_Handler	4	static
stm32f3xx_it.c:148:6:DebugMon_Handler	4	static
stm32f3xx_it.c:160:6:PendSV_Handler	4	static
stm32f3xx_it.c:172:6:SysTick_Handler	4	static
stm32f3xx_it.c:192:6:USART2_IRQHandler	8	static
